// Jest Snapshot v1, https://goo.gl/fbAQLP

exports[`renders correctly 1`] = `
<div>
  <h1
    className="header-title"
  >
    Weather Report for 
    Boston, US
  </h1>
  <h3
    className="header-subtitle"
  >
    Find out the temperature for the next 5 days
  </h3>
</div>
`;
